Archive member included to satisfy reference by file (symbol)

C:/ST/STM32CubeIDE_1.13.2/STM32CubeIDE/plugins/com.st.stm32cube.ide.mcu.externaltools.gnu-tools-for-stm32.11.3.rel1.win32_1.1.1.202309131626/tools/bin/../lib/gcc/arm-none-eabi/11.3.1/../../../../arm-none-eabi/lib/thumb/v7-m/nofp\libm.a(libm_a-sf_round.o)
                              ./Core/Src/AMT22.o (roundf)
C:/ST/STM32CubeIDE_1.13.2/STM32CubeIDE/plugins/com.st.stm32cube.ide.mcu.externaltools.gnu-tools-for-stm32.11.3.rel1.win32_1.1.1.202309131626/tools/bin/../lib/gcc/arm-none-eabi/11.3.1/../../../../arm-none-eabi/lib/thumb/v7-m/nofp\libc_nano.a(libc_a-exit.o)
                              C:/ST/STM32CubeIDE_1.13.2/STM32CubeIDE/plugins/com.st.stm32cube.ide.mcu.externaltools.gnu-tools-for-stm32.11.3.rel1.win32_1.1.1.202309131626/tools/bin/../lib/gcc/arm-none-eabi/11.3.1/../../../../arm-none-eabi/lib/thumb/v7-m/nofp/crt0.o (exit)
C:/ST/STM32CubeIDE_1.13.2/STM32CubeIDE/plugins/com.st.stm32cube.ide.mcu.externaltools.gnu-tools-for-stm32.11.3.rel1.win32_1.1.1.202309131626/tools/bin/../lib/gcc/arm-none-eabi/11.3.1/../../../../arm-none-eabi/lib/thumb/v7-m/nofp\libc_nano.a(libc_a-findfp.o)
                              C:/ST/STM32CubeIDE_1.13.2/STM32CubeIDE/plugins/com.st.stm32cube.ide.mcu.externaltools.gnu-tools-for-stm32.11.3.rel1.win32_1.1.1.202309131626/tools/bin/../lib/gcc/arm-none-eabi/11.3.1/../../../../arm-none-eabi/lib/thumb/v7-m/nofp\libc_nano.a(libc_a-exit.o) (__stdio_exit_handler)
C:/ST/STM32CubeIDE_1.13.2/STM32CubeIDE/plugins/com.st.stm32cube.ide.mcu.externaltools.gnu-tools-for-stm32.11.3.rel1.win32_1.1.1.202309131626/tools/bin/../lib/gcc/arm-none-eabi/11.3.1/../../../../arm-none-eabi/lib/thumb/v7-m/nofp\libc_nano.a(libc_a-fwalk.o)
                              C:/ST/STM32CubeIDE_1.13.2/STM32CubeIDE/plugins/com.st.stm32cube.ide.mcu.externaltools.gnu-tools-for-stm32.11.3.rel1.win32_1.1.1.202309131626/tools/bin/../lib/gcc/arm-none-eabi/11.3.1/../../../../arm-none-eabi/lib/thumb/v7-m/nofp\libc_nano.a(libc_a-findfp.o) (_fwalk_sglue)
C:/ST/STM32CubeIDE_1.13.2/STM32CubeIDE/plugins/com.st.stm32cube.ide.mcu.externaltools.gnu-tools-for-stm32.11.3.rel1.win32_1.1.1.202309131626/tools/bin/../lib/gcc/arm-none-eabi/11.3.1/../../../../arm-none-eabi/lib/thumb/v7-m/nofp\libc_nano.a(libc_a-stdio.o)
                              C:/ST/STM32CubeIDE_1.13.2/STM32CubeIDE/plugins/com.st.stm32cube.ide.mcu.externaltools.gnu-tools-for-stm32.11.3.rel1.win32_1.1.1.202309131626/tools/bin/../lib/gcc/arm-none-eabi/11.3.1/../../../../arm-none-eabi/lib/thumb/v7-m/nofp\libc_nano.a(libc_a-findfp.o) (__sread)
C:/ST/STM32CubeIDE_1.13.2/STM32CubeIDE/plugins/com.st.stm32cube.ide.mcu.externaltools.gnu-tools-for-stm32.11.3.rel1.win32_1.1.1.202309131626/tools/bin/../lib/gcc/arm-none-eabi/11.3.1/../../../../arm-none-eabi/lib/thumb/v7-m/nofp\libc_nano.a(libc_a-memset.o)
                              C:/ST/STM32CubeIDE_1.13.2/STM32CubeIDE/plugins/com.st.stm32cube.ide.mcu.externaltools.gnu-tools-for-stm32.11.3.rel1.win32_1.1.1.202309131626/tools/bin/../lib/gcc/arm-none-eabi/11.3.1/../../../../arm-none-eabi/lib/thumb/v7-m/nofp/crt0.o (memset)
C:/ST/STM32CubeIDE_1.13.2/STM32CubeIDE/plugins/com.st.stm32cube.ide.mcu.externaltools.gnu-tools-for-stm32.11.3.rel1.win32_1.1.1.202309131626/tools/bin/../lib/gcc/arm-none-eabi/11.3.1/../../../../arm-none-eabi/lib/thumb/v7-m/nofp\libc_nano.a(libc_a-closer.o)
                              C:/ST/STM32CubeIDE_1.13.2/STM32CubeIDE/plugins/com.st.stm32cube.ide.mcu.externaltools.gnu-tools-for-stm32.11.3.rel1.win32_1.1.1.202309131626/tools/bin/../lib/gcc/arm-none-eabi/11.3.1/../../../../arm-none-eabi/lib/thumb/v7-m/nofp\libc_nano.a(libc_a-stdio.o) (_close_r)
C:/ST/STM32CubeIDE_1.13.2/STM32CubeIDE/plugins/com.st.stm32cube.ide.mcu.externaltools.gnu-tools-for-stm32.11.3.rel1.win32_1.1.1.202309131626/tools/bin/../lib/gcc/arm-none-eabi/11.3.1/../../../../arm-none-eabi/lib/thumb/v7-m/nofp\libc_nano.a(libc_a-reent.o)
                              C:/ST/STM32CubeIDE_1.13.2/STM32CubeIDE/plugins/com.st.stm32cube.ide.mcu.externaltools.gnu-tools-for-stm32.11.3.rel1.win32_1.1.1.202309131626/tools/bin/../lib/gcc/arm-none-eabi/11.3.1/../../../../arm-none-eabi/lib/thumb/v7-m/nofp\libc_nano.a(libc_a-closer.o) (errno)
C:/ST/STM32CubeIDE_1.13.2/STM32CubeIDE/plugins/com.st.stm32cube.ide.mcu.externaltools.gnu-tools-for-stm32.11.3.rel1.win32_1.1.1.202309131626/tools/bin/../lib/gcc/arm-none-eabi/11.3.1/../../../../arm-none-eabi/lib/thumb/v7-m/nofp\libc_nano.a(libc_a-impure.o)
                              C:/ST/STM32CubeIDE_1.13.2/STM32CubeIDE/plugins/com.st.stm32cube.ide.mcu.externaltools.gnu-tools-for-stm32.11.3.rel1.win32_1.1.1.202309131626/tools/bin/../lib/gcc/arm-none-eabi/11.3.1/../../../../arm-none-eabi/lib/thumb/v7-m/nofp\libc_nano.a(libc_a-reent.o) (_impure_ptr)
[...]
Memory Configuration

Name             Origin             Length             Attributes
RAM              0x0000000020000000 0x0000000000005000 xrw
FLASH            0x0000000008000000 0x0000000000010000 xr
*default*        0x0000000000000000 0xffffffffffffffff

Linker script and memory map

LOAD C:/ST/STM32CubeIDE_1.13.2/STM32CubeIDE/plugins/com.st.stm32cube.ide.mcu.externaltools.gnu-tools-for-stm32.11.3.rel1.win32_1.1.1.202309131626/tools/bin/../lib/gcc/arm-none-eabi/11.3.1/thumb/v7-m/nofp/crti.o
LOAD C:/ST/STM32CubeIDE_1.13.2/STM32CubeIDE/plugins/com.st.stm32cube.ide.mcu.externaltools.gnu-tools-for-stm32.11.3.rel1.win32_1.1.1.202309131626/tools/bin/../lib/gcc/arm-none-eabi/11.3.1/thumb/v7-m/nofp/crtbegin.o
LOAD C:/ST/STM32CubeIDE_1.13.2/STM32CubeIDE/plugins/com.st.stm32cube.ide.mcu.externaltools.gnu-tools-for-stm32.11.3.rel1.win32_1.1.1.202309131626/tools/bin/../lib/gcc/arm-none-eabi/11.3.1/../../../../arm-none-eabi/lib/thumb/v7-m/nofp/crt0.o
LOAD ./Core/Src/AMT22.o
LOAD ./Core/Src/DWT_Delay.o
LOAD ./Core/Src/TMC2209.o
LOAD ./Core/Src/main.o
LOAD ./Core/Src/stm32f1xx_hal_msp.o
LOAD ./Core/Src/stm32f1xx_it.o
LOAD ./Core/Src/syscalls.o
LOAD ./Core/Src/sysmem.o
LOAD ./Core/Src/system_stm32f1xx.o
LOAD ./Core/Startup/startup_stm32f103c8tx.o
LOAD ./Drivers/STM32F1xx_HAL_Driver/Src/stm32f1xx_hal.o
LOAD ./Drivers/STM32F1xx_HAL_Driver/Src/stm32f1xx_hal_cortex.o
LOAD ./Drivers/STM32F1xx_HAL_Driver/Src/stm32f1xx_hal_dma.o
LOAD ./Drivers/STM32F1xx_HAL_Driver/Src/stm32f1xx_hal_exti.o
LOAD ./Drivers/STM32F1xx_HAL_Driver/Src/stm32f1xx_hal_flash.o
LOAD ./Drivers/STM32F1xx_HAL_Driver/Src/stm32f1xx_hal_flash_ex.o
LOAD ./Drivers/STM32F1xx_HAL_Driver/Src/stm32f1xx_hal_gpio.o
LOAD ./Drivers/STM32F1xx_HAL_Driver/Src/stm32f1xx_hal_gpio_ex.o
LOAD ./Drivers/STM32F1xx_HAL_Driver/Src/stm32f1xx_hal_pwr.o
LOAD ./Drivers/STM32F1xx_HAL_Driver/Src/stm32f1xx_hal_rcc.o
LOAD ./Drivers/STM32F1xx_HAL_Driver/Src/stm32f1xx_hal_rcc_ex.o
LOAD ./Drivers/STM32F1xx_HAL_Driver/Src/stm32f1xx_hal_spi.o
LOAD ./Drivers/STM32F1xx_HAL_Driver/Src/stm32f1xx_hal_tim.o
LOAD ./Drivers/STM32F1xx_HAL_Driver/Src/stm32f1xx_hal_tim_ex.o
LOAD ./Drivers/STM32F1xx_HAL_Driver/Src/stm32f1xx_hal_uart.o
START GROUP
LOAD C:/ST/STM32CubeIDE_1.13.2/STM32CubeIDE/plugins/com.st.stm32cube.ide.mcu.externaltools.gnu-tools-for-stm32.11.3.rel1.win32_1.1.1.202309131626/tools/bin/../lib/gcc/arm-none-eabi/11.3.1/../../../../arm-none-eabi/lib/thumb/v7-m/nofp\libstdc++_nano.a
LOAD C:/ST/STM32CubeIDE_1.13.2/STM32CubeIDE/plugins/com.st.stm32cube.ide.mcu.externaltools.gnu-tools-for-stm32.11.3.rel1.win32_1.1.1.202309131626/tools/bin/../lib/gcc/arm-none-eabi/11.3.1/../../../../arm-none-eabi/lib/thumb/v7-m/nofp\libsupc++_nano.a
END GROUP
LOAD C:/ST/STM32CubeIDE_1.13.2/STM32CubeIDE/plugins/com.st.stm32cube.ide.mcu.externaltools.gnu-tools-for-stm32.11.3.rel1.win32_1.1.1.202309131626/tools/bin/../lib/gcc/arm-none-eabi/11.3.1/../../../../arm-none-eabi/lib/thumb/v7-m/nofp\libstdc++_nano.a
LOAD C:/ST/STM32CubeIDE_1.13.2/STM32CubeIDE/plugins/com.st.stm32cube.ide.mcu.externaltools.gnu-tools-for-stm32.11.3.rel1.win32_1.1.1.202309131626/tools/bin/../lib/gcc/arm-none-eabi/11.3.1/../../../../arm-none-eabi/lib/thumb/v7-m/nofp\libm.a
LOAD C:/ST/STM32CubeIDE_1.13.2/STM32CubeIDE/plugins/com.st.stm32cube.ide.mcu.externaltools.gnu-tools-for-stm32.11.3.rel1.win32_1.1.1.202309131626/tools/bin/../lib/gcc/arm-none-eabi/11.3.1/../../../../arm-none-eabi/lib/thumb/v7-m/nofp\libc_nano.a
START GROUP
LOAD C:/ST/STM32CubeIDE_1.13.2/STM32CubeIDE/plugins/com.st.stm32cube.ide.mcu.externaltools.gnu-tools-for-stm32.11.3.rel1.win32_1.1.1.202309131626/tools/bin/../lib/gcc/arm-none-eabi/11.3.1/thumb/v7-m/nofp\libgcc.a
LOAD C:/ST/STM32CubeIDE_1.13.2/STM32CubeIDE/plugins/com.st.stm32cube.ide.mcu.externaltools.gnu-tools-for-stm32.11.3.rel1.win32_1.1.1.202309131626/tools/bin/../lib/gcc/arm-none-eabi/11.3.1/../../../../arm-none-eabi/lib/thumb/v7-m/nofp\libc_nano.a
END GROUP
START GROUP
LOAD C:/ST/STM32CubeIDE_1.13.2/STM32CubeIDE/plugins/com.st.stm32cube.ide.mcu.externaltools.gnu-tools-for-stm32.11.3.rel1.win32_1.1.1.202309131626/tools/bin/../lib/gcc/arm-none-eabi/11.3.1/thumb/v7-m/nofp\libgcc.a
LOAD C:/ST/STM32CubeIDE_1.13.2/STM32CubeIDE/plugins/com.st.stm32cube.ide.mcu.externaltools.gnu-tools-for-stm32.11.3.rel1.win32_1.1.1.202309131626/tools/bin/../lib/gcc/arm-none-eabi/11.3.1/../../../../arm-none-eabi/lib/thumb/v7-m/nofp\libc_nano.a
END GROUP
LOAD C:/ST/STM32CubeIDE_1.13.2/STM32CubeIDE/plugins/com.st.stm32cube.ide.mcu.externaltools.gnu-tools-for-stm32.11.3.rel1.win32_1.1.1.202309131626/tools/bin/../lib/gcc/arm-none-eabi/11.3.1/thumb/v7-m/nofp/crtend.o
LOAD C:/ST/STM32CubeIDE_1.13.2/STM32CubeIDE/plugins/com.st.stm32cube.ide.mcu.externaltools.gnu-tools-for-stm32.11.3.rel1.win32_1.1.1.202309131626/tools/bin/../lib/gcc/arm-none-eabi/11.3.1/thumb/v7-m/nofp/crtn.o
                0x0000000020005000                _estack = (ORIGIN (RAM) + LENGTH (RAM))
                0x0000000000000200                _Min_Heap_Size = 0x200
                0x0000000000000400                _Min_Stack_Size = 0x400

.isr_vector     0x0000000008000000      0x10c
                0x0000000008000000                . = ALIGN (0x4)
 *(.isr_vector)
 .isr_vector    0x0000000008000000      0x10c ./Core/Startup/startup_stm32f103c8tx.o
                0x0000000008000000                g_pfnVectors
                0x000000000800010c                . = ALIGN (0x4)

.text           0x000000000800010c     0x45f4
                0x000000000800010c                . = ALIGN (0x4)
 *(.text)
 .text          0x000000000800010c       0x40 C:/ST/STM32CubeIDE_1.13.2/STM32CubeIDE/plugins/com.st.stm32cube.ide.mcu.externaltools.gnu-tools-for-stm32.11.3.rel1.win32_1.1.1.202309131626/tools/bin/../lib/gcc/arm-none-eabi/11.3.1/thumb/v7-m/nofp/crtbegin.o
 *(.text*)
 .text.DWT_Delay_ms
                0x000000000800014c       0x4c ./Core/Src/AMT22.o
 .text.setCSLine
                0x0000000008000198       0x24 ./Core/Src/AMT22.o
                0x0000000008000198                setCSLine
 .text.spiWriteRead
                0x00000000080001bc       0x58 ./Core/Src/AMT22.o
                0x00000000080001bc                spiWriteRead
 .text.getPositionSPI
                0x0000000008000214      0x140 ./Core/Src/AMT22.o
                0x0000000008000214                getPositionSPI
 .text.setZeroSPI
                0x0000000008000354       0x42 ./Core/Src/AMT22.o
                0x0000000008000354                setZeroSPI
 .text.delay    0x0000000008000396       0x16 ./Core/Src/AMT22.o
                0x0000000008000396                delay
 .text.DWT_Delay_Init
                0x00000000080003ac       0x60 ./Core/Src/DWT_Delay.o
                0x00000000080003ac                DWT_Delay_Init
 .text._ZN7TMC2209C2Ev
                0x000000000800040c       0x38 ./Core/Src/TMC2209.o
                0x000000000800040c                TMC2209::TMC2209()
                0x000000000800040c                TMC2209::TMC2209()
 .text._ZN7TMC22095setupEP20__UART_HandleTypeDeflNS_13SerialAddressE
                0x0000000008000444       0x28 ./Core/Src/TMC2209.o
                0x0000000008000444                TMC2209::setup(__UART_HandleTypeDef*, long, TMC2209::SerialAddress)
 .text._ZN7TMC22096enableEv
                0x000000000800046c       0x44 ./Core/Src/TMC2209.o
                0x000000000800046c                TMC2209::enable()
 .text._ZN7TMC22097disableEv
                0x00000000080004b0       0x38 ./Core/Src/TMC2209.o
                0x00000000080004b0                TMC2209::disable()
 .text._ZN7TMC22099constrainEttt
                0x00000000080004e8       0x3e ./Core/Src/TMC2209.o
                0x00000000080004e8                TMC2209::constrain(unsigned short, unsigned short, unsigned short)
 *fill*         0x0000000008000526        0x2 
 .text._ZN7TMC220930setMicrostepsPerStepPowerOfTwoEh
                0x0000000008000528       0xc4 ./Core/Src/TMC2209.o
                0x0000000008000528                TMC2209::setMicrostepsPerStepPowerOfTwo(unsigned char)
 .text._ZN7TMC220913setRunCurrentEh
                0x00000000080005ec       0x3a ./Core/Src/TMC2209.o
                0x00000000080005ec                TMC2209::setRunCurrent(unsigned char)
 .text._ZN7TMC220930disableAutomaticCurrentScalingEv
                0x0000000008000626       0x24 ./Core/Src/TMC2209.o
                0x0000000008000626                TMC2209::disableAutomaticCurrentScaling()
 .text._ZN7TMC220934disableAutomaticGradientAdaptationEv
                0x000000000800064a       0x24 ./Core/Src/TMC2209.o
                0x000000000800064a                TMC2209::disableAutomaticGradientAdaptation()
 .text._ZN7TMC220910getVersionEv
                0x000000000800066e       0x1e ./Core/Src/TMC2209.o
                0x000000000800066e                TMC2209::getVersion()
 .text._ZN7TMC220910initializeElNS_13SerialAddressE
                0x000000000800068c       0x44 ./Core/Src/TMC2209.o
                0x000000000800068c                TMC2209::initialize(long, TMC2209::SerialAddress)
 .text._ZN7TMC220924setOperationModeToSerialENS_13SerialAddressE
                0x00000000080006d0       0x4e ./Core/Src/TMC2209.o
                0x00000000080006d0                TMC2209::setOperationModeToSerial(TMC2209::SerialAddress)
 *fill*         0x000000000800071e        0x2 
 .text._ZN7TMC220922setRegistersToDefaultsEv
                0x0000000008000720       0xf4 ./Core/Src/TMC2209.o
                0x0000000008000720                TMC2209::setRegistersToDefaults()
 .text._ZN7TMC220920minimizeMotorCurrentEv
                0x0000000008000814       0x2a ./Core/Src/TMC2209.o
                0x0000000008000814                TMC2209::minimizeMotorCurrent()
 .text._ZN7TMC220911reverseDataEm
                0x000000000800083e       0x54 ./Core/Src/TMC2209.o
                0x000000000800083e                TMC2209::reverseData(unsigned long)
 .text._ZN7TMC22095writeEhm
                0x0000000008000892       0x78 ./Core/Src/TMC2209.o
                0x0000000008000892                TMC2209::write(unsigned char, unsigned long)
 .text._ZN7TMC22094readEh
                0x000000000800090a       0xb4 ./Core/Src/TMC2209.o
                0x000000000800090a                TMC2209::read(unsigned char)
 .text._ZN7TMC220923percentToCurrentSettingEh
                0x00000000080009be       0x40 ./Core/Src/TMC2209.o
                0x00000000080009be                TMC2209::percentToCurrentSetting(unsigned char)
 .text._ZN7TMC22093mapEhhhhh
                0x00000000080009fe       0x46 ./Core/Src/TMC2209.o
                0x00000000080009fe                TMC2209::map(unsigned char, unsigned char, unsigned char, unsigned char, unsigned char)
 .text._ZN7TMC220923writeStoredGlobalConfigEv
                0x0000000008000a44       0x1e ./Core/Src/TMC2209.o
                0x0000000008000a44                TMC2209::writeStoredGlobalConfig()
 .text._ZN7TMC220924writeStoredDriverCurrentEv
                0x0000000008000a62       0x58 ./Core/Src/TMC2209.o
                0x0000000008000a62                TMC2209::writeStoredDriverCurrent()
 .text._ZN7TMC220924writeStoredChopperConfigEv
                0x0000000008000aba       0x1e ./Core/Src/TMC2209.o
                0x0000000008000aba                TMC2209::writeStoredChopperConfig()
 .text._ZN7TMC220920writeStoredPwmConfigEv
                0x0000000008000ad8       0x1e ./Core/Src/TMC2209.o
                0x0000000008000ad8                TMC2209::writeStoredPwmConfig()
 .text._ZN7TMC220912calculateCrcINS_22WriteReadReplyDatagramEEEhRT_h
                0x0000000008000af6       0x9e ./Core/Src/TMC2209.o
                0x0000000008000af6                unsigned char TMC2209::calculateCrc<TMC2209::WriteReadReplyDatagram>(TMC2209::WriteReadReplyDatagram&, unsigned char)
 .text._ZN7TMC220926sendDatagramUnidirectionalINS_22WriteReadReplyDatagramEEEvRT_h
                0x0000000008000b94       0x32 ./Core/Src/TMC2209.o
                0x0000000008000b94                void TMC2209::sendDatagramUnidirectional<TMC2209::WriteReadReplyDatagram>(TMC2209::WriteReadReplyDatagram&, unsigned char)
 .text._ZN7TMC220912calculateCrcINS_19ReadRequestDatagramEEEhRT_h
                0x0000000008000bc6       0x82 ./Core/Src/TMC2209.o
                0x0000000008000bc6                unsigned char TMC2209::calculateCrc<TMC2209::ReadRequestDatagram>(TMC2209::ReadRequestDatagram&, unsigned char)
 .text.HAL_TIM_PeriodElapsedCallback
                0x0000000008000c48       0xd8 ./Core/Src/main.o
                0x0000000008000c48                HAL_TIM_PeriodElapsedCallback
 .text.main     0x0000000008000d20      0x120 ./Core/Src/main.o
                0x0000000008000d20                main
 .text._Z18SystemClock_Configv
                0x0000000008000e40       0x9e ./Core/Src/main.o
                0x0000000008000e40                SystemClock_Config()
 *fill*         0x0000000008000ede        0x2 
 .text._ZL12MX_SPI1_Initv
                0x0000000008000ee0       0x78 ./Core/Src/main.o
 .text._ZL12MX_TIM1_Initv
                0x0000000008000f58       0xc0 ./Core/Src/main.o
 .text._ZL12MX_TIM2_Initv
                0x0000000008001018       0xb8 ./Core/Src/main.o
 .text._ZL12MX_TIM3_Initv
                0x00000000080010d0       0xbc ./Core/Src/main.o
 .text._ZL19MX_USART1_UART_Initv
                0x000000000800118c       0x5c ./Core/Src/main.o
 .text._ZL19MX_USART2_UART_Initv
                0x00000000080011e8       0x5c ./Core/Src/main.o
 .text._ZL12MX_GPIO_Initv
                0x0000000008001244      0x108 ./Core/Src/main.o
 .text.Error_Handler
                0x000000000800134c        0xa ./Core/Src/main.o
                0x000000000800134c                Error_Handler
 *fill*         0x0000000008001356        0x2 
 .text._Z41__static_initialization_and_destruction_0ii
                0x0000000008001358       0x38 ./Core/Src/main.o
 .text._GLOBAL__sub_I_hspi1
                0x0000000008001390       0x10 ./Core/Src/main.o
 .text.HAL_MspInit
                0x00000000080013a0       0x64 ./Core/Src/stm32f1xx_hal_msp.o
                0x00000000080013a0                HAL_MspInit
 .text.HAL_SPI_MspInit
                0x0000000008001404       0xc4 ./Core/Src/stm32f1xx_hal_msp.o
                0x0000000008001404                HAL_SPI_MspInit
 .text.HAL_TIM_Base_MspInit
                0x00000000080014c8       0xb8 ./Core/Src/stm32f1xx_hal_msp.o
                0x00000000080014c8                HAL_TIM_Base_MspInit
 .text.HAL_UART_MspInit
                0x0000000008001580      0x100 ./Core/Src/stm32f1xx_hal_msp.o
                0x0000000008001580                HAL_UART_MspInit
 .text.NMI_Handler
                0x0000000008001680        0x6 ./Core/Src/stm32f1xx_it.o
                0x0000000008001680                NMI_Handler
 .text.HardFault_Handler
                0x0000000008001686        0x6 ./Core/Src/stm32f1xx_it.o
                0x0000000008001686                HardFault_Handler
 .text.MemManage_Handler
                0x000000000800168c        0x6 ./Core/Src/stm32f1xx_it.o
                0x000000000800168c                MemManage_Handler
 .text.BusFault_Handler
                0x0000000008001692        0x6 ./Core/Src/stm32f1xx_it.o
                0x0000000008001692                BusFault_Handler
 .text.UsageFault_Handler
                0x0000000008001698        0x6 ./Core/Src/stm32f1xx_it.o
                0x0000000008001698                UsageFault_Handler
 .text.SVC_Handler
                0x000000000800169e        0xc ./Core/Src/stm32f1xx_it.o
                0x000000000800169e                SVC_Handler
 .text.DebugMon_Handler
                0x00000000080016aa        0xc ./Core/Src/stm32f1xx_it.o
                0x00000000080016aa                DebugMon_Handler
 .text.PendSV_Handler
                0x00000000080016b6        0xc ./Core/Src/stm32f1xx_it.o
                0x00000000080016b6                PendSV_Handler
 .text.SysTick_Handler
                0x00000000080016c2        0xc ./Core/Src/stm32f1xx_it.o
                0x00000000080016c2                SysTick_Handler
 *fill*         0x00000000080016ce        0x2 
 .text.TIM1_UP_IRQHandler
                0x00000000080016d0       0x14 ./Core/Src/stm32f1xx_it.o
                0x00000000080016d0                TIM1_UP_IRQHandler
 .text.TIM2_IRQHandler
                0x00000000080016e4       0x14 ./Core/Src/stm32f1xx_it.o
                0x00000000080016e4                TIM2_IRQHandler
 .text.TIM3_IRQHandler
                0x00000000080016f8       0x14 ./Core/Src/stm32f1xx_it.o
                0x00000000080016f8                TIM3_IRQHandler
 .text.SPI1_IRQHandler
                0x000000000800170c       0x14 ./Core/Src/stm32f1xx_it.o
                0x000000000800170c                SPI1_IRQHandler
 .text.USART1_IRQHandler
                0x0000000008001720       0x14 ./Core/Src/stm32f1xx_it.o
                0x0000000008001720                USART1_IRQHandler
 .text.SystemInit
                0x0000000008001734        0xc ./Core/Src/system_stm32f1xx.o
                0x0000000008001734                SystemInit
 .text.Reset_Handler
                0x0000000008001740       0x48 ./Core/Startup/startup_stm32f103c8tx.o
                0x0000000008001740                Reset_Handler
 .text.Default_Handler
                0x0000000008001788        0x2 ./Core/Startup/startup_stm32f103c8tx.o
                0x0000000008001788                RTC_Alarm_IRQHandler
                0x0000000008001788                EXTI2_IRQHandler
                0x0000000008001788                TIM1_CC_IRQHandler
                0x0000000008001788                PVD_IRQHandler
                0x0000000008001788                EXTI3_IRQHandler
                0x0000000008001788                EXTI0_IRQHandler
                0x0000000008001788                I2C2_EV_IRQHandler
                0x0000000008001788                ADC1_2_IRQHandler
                0x0000000008001788                TAMPER_IRQHandler
                0x0000000008001788                DMA1_Channel4_IRQHandler
                0x0000000008001788                USART3_IRQHandler
                0x0000000008001788                RTC_IRQHandler
                0x0000000008001788                DMA1_Channel7_IRQHandler
                0x0000000008001788                CAN1_RX1_IRQHandler
                0x0000000008001788                TIM4_IRQHandler
                0x0000000008001788                I2C1_EV_IRQHandler
                0x0000000008001788                DMA1_Channel6_IRQHandler
                0x0000000008001788                RCC_IRQHandler
                0x0000000008001788                TIM1_TRG_COM_IRQHandler
                0x0000000008001788                DMA1_Channel1_IRQHandler
                0x0000000008001788                Default_Handler
                0x0000000008001788                EXTI15_10_IRQHandler
                0x0000000008001788                EXTI9_5_IRQHandler
                0x0000000008001788                SPI2_IRQHandler
                0x0000000008001788                DMA1_Channel5_IRQHandler
                0x0000000008001788                EXTI4_IRQHandler
                0x0000000008001788                USB_LP_CAN1_RX0_IRQHandler
                0x0000000008001788                USB_HP_CAN1_TX_IRQHandler
                0x0000000008001788                DMA1_Channel3_IRQHandler
                0x0000000008001788                WWDG_IRQHandler
                0x0000000008001788                TIM1_BRK_IRQHandler
                0x0000000008001788                EXTI1_IRQHandler
                0x0000000008001788                USART2_IRQHandler
                0x0000000008001788                I2C2_ER_IRQHandler
                0x0000000008001788                DMA1_Channel2_IRQHandler
                0x0000000008001788                CAN1_SCE_IRQHandler
                0x0000000008001788                FLASH_IRQHandler
                0x0000000008001788                I2C1_ER_IRQHandler
                0x0000000008001788                USBWakeUp_IRQHandler
 *fill*         0x000000000800178a        0x2 
 .text.HAL_Init
                0x000000000800178c       0x2c ./Drivers/STM32F1xx_HAL_Driver/Src/stm32f1xx_hal.o
                0x000000000800178c                HAL_Init
 .text.HAL_InitTick
                0x00000000080017b8       0x60 ./Drivers/STM32F1xx_HAL_Driver/Src/stm32f1xx_hal.o
                0x00000000080017b8                HAL_InitTick
 .text.HAL_IncTick
                0x0000000008001818       0x24 ./Drivers/STM32F1xx_HAL_Driver/Src/stm32f1xx_hal.o
                0x0000000008001818                HAL_IncTick
 .text.HAL_GetTick
                0x000000000800183c       0x14 ./Drivers/STM32F1xx_HAL_Driver/Src/stm32f1xx_hal.o
                0x000000000800183c                HAL_GetTick
 .text.HAL_Delay
                0x0000000008001850       0x48 ./Drivers/STM32F1xx_HAL_Driver/Src/stm32f1xx_hal.o
                0x0000000008001850                HAL_Delay
 .text.__NVIC_SetPriorityGrouping
                0x0000000008001898       0x48 ./Drivers/STM32F1xx_HAL_Driver/Src/stm32f1xx_hal_cortex.o
 .text.__NVIC_GetPriorityGrouping
                0x00000000080018e0       0x1c ./Drivers/STM32F1xx_HAL_Driver/Src/stm32f1xx_hal_cortex.o
 .text.__NVIC_EnableIRQ
                0x00000000080018fc       0x38 ./Drivers/STM32F1xx_HAL_Driver/Src/stm32f1xx_hal_cortex.o
 .text.__NVIC_SetPriority
                0x0000000008001934       0x54 ./Drivers/STM32F1xx_HAL_Driver/Src/stm32f1xx_hal_cortex.o
 .text.NVIC_EncodePriority
                0x0000000008001988       0x64 ./Drivers/STM32F1xx_HAL_Driver/Src/stm32f1xx_hal_cortex.o
 .text.SysTick_Config
                0x00000000080019ec       0x44 ./Drivers/STM32F1xx_HAL_Driver/Src/stm32f1xx_hal_cortex.o
 .text.HAL_NVIC_SetPriorityGrouping
                0x0000000008001a30       0x16 ./Drivers/STM32F1xx_HAL_Driver/Src/stm32f1xx_hal_cortex.o
                0x0000000008001a30                HAL_NVIC_SetPriorityGrouping
 .text.HAL_NVIC_SetPriority
                0x0000000008001a46       0x38 ./Drivers/STM32F1xx_HAL_Driver/Src/stm32f1xx_hal_cortex.o
                0x0000000008001a46                HAL_NVIC_SetPriority
 .text.HAL_NVIC_EnableIRQ
                0x0000000008001a7e       0x1c ./Drivers/STM32F1xx_HAL_Driver/Src/stm32f1xx_hal_cortex.o
                0x0000000008001a7e                HAL_NVIC_EnableIRQ
 .text.HAL_SYSTICK_Config
                0x0000000008001a9a       0x18 ./Drivers/STM32F1xx_HAL_Driver/Src/stm32f1xx_hal_cortex.o
                0x0000000008001a9a                HAL_SYSTICK_Config
 .text.HAL_DMA_Abort
                0x0000000008001ab2       0x76 ./Drivers/STM32F1xx_HAL_Driver/Src/stm32f1xx_hal_dma.o
                0x0000000008001ab2                HAL_DMA_Abort
 .text.HAL_DMA_Abort_IT
                0x0000000008001b28       0xf0 ./Drivers/STM32F1xx_HAL_Driver/Src/stm32f1xx_hal_dma.o
                0x0000000008001b28                HAL_DMA_Abort_IT
 .text.HAL_GPIO_Init
                0x0000000008001c18      0x308 ./Drivers/STM32F1xx_HAL_Driver/Src/stm32f1xx_hal_gpio.o
                0x0000000008001c18                HAL_GPIO_Init
 .text.HAL_GPIO_WritePin
                0x0000000008001f20       0x30 ./Drivers/STM32F1xx_HAL_Driver/Src/stm32f1xx_hal_gpio.o
                0x0000000008001f20                HAL_GPIO_WritePin
 .text.HAL_GPIO_TogglePin
                0x0000000008001f50       0x32 ./Drivers/STM32F1xx_HAL_Driver/Src/stm32f1xx_hal_gpio.o
                0x0000000008001f50                HAL_GPIO_TogglePin
 *fill*         0x0000000008001f82        0x2 
 .text.HAL_RCC_OscConfig
                0x0000000008001f84      0x504 ./Drivers/STM32F1xx_HAL_Driver/Src/stm32f1xx_hal_rcc.o
                0x0000000008001f84                HAL_RCC_OscConfig
 .text.HAL_RCC_ClockConfig
                0x0000000008002488      0x1d4 ./Drivers/STM32F1xx_HAL_Driver/Src/stm32f1xx_hal_rcc.o
                0x0000000008002488                HAL_RCC_ClockConfig
 .text.HAL_RCC_GetSysClockFreq
                0x000000000800265c       0xa8 ./Drivers/STM32F1xx_HAL_Driver/Src/stm32f1xx_hal_rcc.o
                0x000000000800265c                HAL_RCC_GetSysClockFreq
 .text.HAL_RCC_GetHCLKFreq
                0x0000000008002704       0x14 ./Drivers/STM32F1xx_HAL_Driver/Src/stm32f1xx_hal_rcc.o
                0x0000000008002704                HAL_RCC_GetHCLKFreq
 .text.HAL_RCC_GetPCLK1Freq
                0x0000000008002718       0x28 ./Drivers/STM32F1xx_HAL_Driver/Src/stm32f1xx_hal_rcc.o
                0x0000000008002718                HAL_RCC_GetPCLK1Freq
 .text.HAL_RCC_GetPCLK2Freq
                0x0000000008002740       0x28 ./Drivers/STM32F1xx_HAL_Driver/Src/stm32f1xx_hal_rcc.o
                0x0000000008002740                HAL_RCC_GetPCLK2Freq
 .text.RCC_Delay
                0x0000000008002768       0x3c ./Drivers/STM32F1xx_HAL_Driver/Src/stm32f1xx_hal_rcc.o
 .text.HAL_SPI_Init
                0x00000000080027a4      0x108 ./Drivers/STM32F1xx_HAL_Driver/Src/stm32f1xx_hal_spi.o
                0x00000000080027a4                HAL_SPI_Init
 .text.HAL_SPI_TransmitReceive
                0x00000000080028ac      0x360 ./Drivers/STM32F1xx_HAL_Driver/Src/stm32f1xx_hal_spi.o
                0x00000000080028ac                HAL_SPI_TransmitReceive
 .text.HAL_SPI_IRQHandler
                0x0000000008002c0c      0x1bc ./Drivers/STM32F1xx_HAL_Driver/Src/stm32f1xx_hal_spi.o
                0x0000000008002c0c                HAL_SPI_IRQHandler
 .text.HAL_SPI_ErrorCallback
                0x0000000008002dc8       0x12 ./Drivers/STM32F1xx_HAL_Driver/Src/stm32f1xx_hal_spi.o
                0x0000000008002dc8                HAL_SPI_ErrorCallback
 .text.SPI_DMAAbortOnError
                0x0000000008002dda       0x28 ./Drivers/STM32F1xx_HAL_Driver/Src/stm32f1xx_hal_spi.o
 *fill*         0x0000000008002e02        0x2 
 .text.SPI_WaitFlagStateUntilTimeout
                0x0000000008002e04      0x110 ./Drivers/STM32F1xx_HAL_Driver/Src/stm32f1xx_hal_spi.o
 .text.SPI_EndRxTxTransaction
                0x0000000008002f14       0x3c ./Drivers/STM32F1xx_HAL_Driver/Src/stm32f1xx_hal_spi.o
 .text.HAL_TIM_Base_Init
                0x0000000008002f50       0x9e ./Drivers/STM32F1xx_HAL_Driver/Src/stm32f1xx_hal_tim.o
                0x0000000008002f50                HAL_TIM_Base_Init
 *fill*         0x0000000008002fee        0x2 
 .text.HAL_TIM_Base_Start_IT
                0x0000000008002ff0       0xa4 ./Drivers/STM32F1xx_HAL_Driver/Src/stm32f1xx_hal_tim.o
                0x0000000008002ff0                HAL_TIM_Base_Start_IT
 .text.HAL_TIM_Base_Stop_IT
                0x0000000008003094       0x5c ./Drivers/STM32F1xx_HAL_Driver/Src/stm32f1xx_hal_tim.o
                0x0000000008003094                HAL_TIM_Base_Stop_IT
 .text.HAL_TIM_IRQHandler
                0x00000000080030f0      0x210 ./Drivers/STM32F1xx_HAL_Driver/Src/stm32f1xx_hal_tim.o
                0x00000000080030f0                HAL_TIM_IRQHandler
 .text.HAL_TIM_ConfigClockSource
                0x0000000008003300      0x18e ./Drivers/STM32F1xx_HAL_Driver/Src/stm32f1xx_hal_tim.o
                0x0000000008003300                HAL_TIM_ConfigClockSource
 .text.HAL_TIM_OC_DelayElapsedCallback
                0x000000000800348e       0x12 ./Drivers/STM32F1xx_HAL_Driver/Src/stm32f1xx_hal_tim.o
                0x000000000800348e                HAL_TIM_OC_DelayElapsedCallback
 .text.HAL_TIM_IC_CaptureCallback
                0x00000000080034a0       0x12 ./Drivers/STM32F1xx_HAL_Driver/Src/stm32f1xx_hal_tim.o
                0x00000000080034a0                HAL_TIM_IC_CaptureCallback
 .text.HAL_TIM_PWM_PulseFinishedCallback
                0x00000000080034b2       0x12 ./Drivers/STM32F1xx_HAL_Driver/Src/stm32f1xx_hal_tim.o
                0x00000000080034b2                HAL_TIM_PWM_PulseFinishedCallback
 .text.HAL_TIM_TriggerCallback
                0x00000000080034c4       0x12 ./Drivers/STM32F1xx_HAL_Driver/Src/stm32f1xx_hal_tim.o
                0x00000000080034c4                HAL_TIM_TriggerCallback
 *fill*         0x00000000080034d6        0x2 
 .text.TIM_Base_SetConfig
                0x00000000080034d8       0xc4 ./Drivers/STM32F1xx_HAL_Driver/Src/stm32f1xx_hal_tim.o
                0x00000000080034d8                TIM_Base_SetConfig
 .text.TIM_TI1_ConfigInputStage
                0x000000000800359c       0x5c ./Drivers/STM32F1xx_HAL_Driver/Src/stm32f1xx_hal_tim.o
 .text.TIM_TI2_ConfigInputStage
                0x00000000080035f8       0x5e ./Drivers/STM32F1xx_HAL_Driver/Src/stm32f1xx_hal_tim.o
 .text.TIM_ITRx_SetConfig
                0x0000000008003656       0x34 ./Drivers/STM32F1xx_HAL_Driver/Src/stm32f1xx_hal_tim.o
 .text.TIM_ETR_SetConfig
                0x000000000800368a       0x3e ./Drivers/STM32F1xx_HAL_Driver/Src/stm32f1xx_hal_tim.o
                0x000000000800368a                TIM_ETR_SetConfig
 .text.HAL_TIMEx_MasterConfigSynchronization
                0x00000000080036c8       0xbc ./Drivers/STM32F1xx_HAL_Driver/Src/stm32f1xx_hal_tim_ex.o
                0x00000000080036c8                HAL_TIMEx_MasterConfigSynchronization
 .text.HAL_TIMEx_CommutCallback
                0x0000000008003784       0x12 ./Drivers/STM32F1xx_HAL_Driver/Src/stm32f1xx_hal_tim_ex.o
                0x0000000008003784                HAL_TIMEx_CommutCallback
 .text.HAL_TIMEx_BreakCallback
                0x0000000008003796       0x12 ./Drivers/STM32F1xx_HAL_Driver/Src/stm32f1xx_hal_tim_ex.o
                0x0000000008003796                HAL_TIMEx_BreakCallback
 .text.HAL_UART_Init
                0x00000000080037a8       0xa0 ./Drivers/STM32F1xx_HAL_Driver/Src/stm32f1xx_hal_uart.o
                0x00000000080037a8                HAL_UART_Init
 .text.HAL_HalfDuplex_Init
                0x0000000008003848       0xb0 ./Drivers/STM32F1xx_HAL_Driver/Src/stm32f1xx_hal_uart.o
                0x0000000008003848                HAL_HalfDuplex_Init
 .text.HAL_UART_Transmit
                0x00000000080038f8      0x106 ./Drivers/STM32F1xx_HAL_Driver/Src/stm32f1xx_hal_uart.o
                0x00000000080038f8                HAL_UART_Transmit
 .text.HAL_UART_Receive
                0x00000000080039fe      0x124 ./Drivers/STM32F1xx_HAL_Driver/Src/stm32f1xx_hal_uart.o
                0x00000000080039fe                HAL_UART_Receive
 *fill*         0x0000000008003b22        0x2 
 .text.HAL_UART_IRQHandler
                0x0000000008003b24      0x524 ./Drivers/STM32F1xx_HAL_Driver/Src/stm32f1xx_hal_uart.o
                0x0000000008003b24                HAL_UART_IRQHandler
 .text.HAL_UART_TxCpltCallback
                0x0000000008004048       0x12 ./Drivers/STM32F1xx_HAL_Driver/Src/stm32f1xx_hal_uart.o
                0x0000000008004048                HAL_UART_TxCpltCallback
 .text.HAL_UART_RxCpltCallback
                0x000000000800405a       0x12 ./Drivers/STM32F1xx_HAL_Driver/Src/stm32f1xx_hal_uart.o
                0x000000000800405a                HAL_UART_RxCpltCallback
 .text.HAL_UART_ErrorCallback
                0x000000000800406c       0x12 ./Drivers/STM32F1xx_HAL_Driver/Src/stm32f1xx_hal_uart.o
                0x000000000800406c                HAL_UART_ErrorCallback
 .text.HAL_UARTEx_RxEventCallback
                0x000000000800407e       0x16 ./Drivers/STM32F1xx_HAL_Driver/Src/stm32f1xx_hal_uart.o
                0x000000000800407e                HAL_UARTEx_RxEventCallback
 .text.HAL_HalfDuplex_EnableTransmitter
                0x0000000008004094       0x66 ./Drivers/STM32F1xx_HAL_Driver/Src/stm32f1xx_hal_uart.o
                0x0000000008004094                HAL_HalfDuplex_EnableTransmitter
 .text.HAL_HalfDuplex_EnableReceiver
                0x00000000080040fa       0x66 ./Drivers/STM32F1xx_HAL_Driver/Src/stm32f1xx_hal_uart.o
                0x00000000080040fa                HAL_HalfDuplex_EnableReceiver
 .text.UART_WaitOnFlagUntilTimeout
                0x0000000008004160       0xdc ./Drivers/STM32F1xx_HAL_Driver/Src/stm32f1xx_hal_uart.o
 .text.UART_EndRxTransfer
                0x000000000800423c       0xc4 ./Drivers/STM32F1xx_HAL_Driver/Src/stm32f1xx_hal_uart.o
 .text.UART_DMAAbortOnError
                0x0000000008004300       0x28 ./Drivers/STM32F1xx_HAL_Driver/Src/stm32f1xx_hal_uart.o
 .text.UART_Transmit_IT
                0x0000000008004328       0x9e ./Drivers/STM32F1xx_HAL_Driver/Src/stm32f1xx_hal_uart.o
 .text.UART_EndTransmit_IT
                0x00000000080043c6       0x30 ./Drivers/STM32F1xx_HAL_Driver/Src/stm32f1xx_hal_uart.o
 .text.UART_Receive_IT
                0x00000000080043f6      0x17c ./Drivers/STM32F1xx_HAL_Driver/Src/stm32f1xx_hal_uart.o
 *fill*         0x0000000008004572        0x2 
 .text.UART_SetConfig
                0x0000000008004574      0x11c ./Drivers/STM32F1xx_HAL_Driver/Src/stm32f1xx_hal_uart.o
 .text.memset   0x0000000008004690       0x10 C:/ST/STM32CubeIDE_1.13.2/STM32CubeIDE/plugins/com.st.stm32cube.ide.mcu.externaltools.gnu-tools-for-stm32.11.3.rel1.win32_1.1.1.202309131626/tools/bin/../lib/gcc/arm-none-eabi/11.3.1/../../../../arm-none-eabi/lib/thumb/v7-m/nofp\libc_nano.a(libc_a-memset.o)
                0x0000000008004690                memset
 .text.__libc_init_array
                0x00000000080046a0       0x48 C:/ST/STM32CubeIDE_1.13.2/STM32CubeIDE/plugins/com.st.stm32cube.ide.mcu.externaltools.gnu-tools-for-stm32.11.3.rel1.win32_1.1.1.202309131626/tools/bin/../lib/gcc/arm-none-eabi/11.3.1/../../../../arm-none-eabi/lib/thumb/v7-m/nofp\libc_nano.a(libc_a-init.o)
                0x00000000080046a0                __libc_init_array
 *(.glue_7)
 .glue_7        0x00000000080046e8        0x0 linker stubs
 *(.glue_7t)
 .glue_7t       0x00000000080046e8        0x0 linker stubs
 *(.eh_frame)
 .eh_frame      0x00000000080046e8        0x0 C:/ST/STM32CubeIDE_1.13.2/STM32CubeIDE/plugins/com.st.stm32cube.ide.mcu.externaltools.gnu-tools-for-stm32.11.3.rel1.win32_1.1.1.202309131626/tools/bin/../lib/gcc/arm-none-eabi/11.3.1/thumb/v7-m/nofp/crtbegin.o
 *(.init)
 .init          0x00000000080046e8        0x4 C:/ST/STM32CubeIDE_1.13.2/STM32CubeIDE/plugins/com.st.stm32cube.ide.mcu.externaltools.gnu-tools-for-stm32.11.3.rel1.win32_1.1.1.202309131626/tools/bin/../lib/gcc/arm-none-eabi/11.3.1/thumb/v7-m/nofp/crti.o
                0x00000000080046e8                _init
 .init          0x00000000080046ec        0x8 C:/ST/STM32CubeIDE_1.13.2/STM32CubeIDE/plugins/com.st.stm32cube.ide.mcu.externaltools.gnu-tools-for-stm32.11.3.rel1.win32_1.1.1.202309131626/tools/bin/../lib/gcc/arm-none-eabi/11.3.1/thumb/v7-m/nofp/crtn.o
 *(.fini)
 .fini          0x00000000080046f4        0x4 C:/ST/STM32CubeIDE_1.13.2/STM32CubeIDE/plugins/com.st.stm32cube.ide.mcu.externaltools.gnu-tools-for-stm32.11.3.rel1.win32_1.1.1.202309131626/tools/bin/../lib/gcc/arm-none-eabi/11.3.1/thumb/v7-m/nofp/crti.o
                0x00000000080046f4                _fini
 .fini          0x00000000080046f8        0x8 C:/ST/STM32CubeIDE_1.13.2/STM32CubeIDE/plugins/com.st.stm32cube.ide.mcu.externaltools.gnu-tools-for-stm32.11.3.rel1.win32_1.1.1.202309131626/tools/bin/../lib/gcc/arm-none-eabi/11.3.1/thumb/v7-m/nofp/crtn.o
                0x0000000008004700                . = ALIGN (0x4)
                0x0000000008004700                _etext = .

.vfp11_veneer   0x0000000008004700        0x0
 .vfp11_veneer  0x0000000008004700        0x0 linker stubs

.v4_bx          0x0000000008004700        0x0
 .v4_bx         0x0000000008004700        0x0 linker stubs

.iplt           0x0000000008004700        0x0
 .iplt          0x0000000008004700        0x0 C:/ST/STM32CubeIDE_1.13.2/STM32CubeIDE/plugins/com.st.stm32cube.ide.mcu.externaltools.gnu-tools-for-stm32.11.3.rel1.win32_1.1.1.202309131626/tools/bin/../lib/gcc/arm-none-eabi/11.3.1/thumb/v7-m/nofp/crtbegin.o

.rodata         0x0000000008004700       0x2c
                0x0000000008004700                . = ALIGN (0x4)
 *(.rodata)
 *(.rodata*)
 .rodata.AHBPrescTable
                0x0000000008004700       0x10 ./Core/Src/system_stm32f1xx.o
                0x0000000008004700                AHBPrescTable
 .rodata.APBPrescTable
                0x0000000008004710        0x8 ./Core/Src/system_stm32f1xx.o
                0x0000000008004710                APBPrescTable
 .rodata.aPLLMULFactorTable.1
                0x0000000008004718       0x10 ./Drivers/STM32F1xx_HAL_Driver/Src/stm32f1xx_hal_rcc.o
 .rodata.aPredivFactorTable.0
                0x0000000008004728        0x2 ./Drivers/STM32F1xx_HAL_Driver/Src/stm32f1xx_hal_rcc.o
                0x000000000800472c                . = ALIGN (0x4)
 *fill*         0x000000000800472a        0x2 

.rel.dyn        0x000000000800472c        0x0
 .rel.iplt      0x000000000800472c        0x0 C:/ST/STM32CubeIDE_1.13.2/STM32CubeIDE/plugins/com.st.stm32cube.ide.mcu.externaltools.gnu-tools-for-stm32.11.3.rel1.win32_1.1.1.202309131626/tools/bin/../lib/gcc/arm-none-eabi/11.3.1/thumb/v7-m/nofp/crtbegin.o

.ARM.extab      0x000000000800472c        0x0
                0x000000000800472c                . = ALIGN (0x4)
 *(.ARM.extab* .gnu.linkonce.armextab.*)
                0x000000000800472c                . = ALIGN (0x4)

.ARM            0x000000000800472c        0x0
                0x000000000800472c                . = ALIGN (0x4)
                0x000000000800472c                __exidx_start = .
 *(.ARM.exidx*)
                0x000000000800472c                __exidx_end = .
                0x000000000800472c                . = ALIGN (0x4)

.preinit_array  0x000000000800472c        0x0
                0x000000000800472c                . = ALIGN (0x4)
                0x000000000800472c                PROVIDE (__preinit_array_start = .)
 *(.preinit_array*)
                0x000000000800472c                PROVIDE (__preinit_array_end = .)
                0x000000000800472c                . = ALIGN (0x4)

.init_array     0x000000000800472c        0x8
                0x000000000800472c                . = ALIGN (0x4)
                0x000000000800472c                PROVIDE (__init_array_start = .)
 *(SORT_BY_NAME(.init_array.*))
 *(.init_array*)
 .init_array    0x000000000800472c        0x4 C:/ST/STM32CubeIDE_1.13.2/STM32CubeIDE/plugins/com.st.stm32cube.ide.mcu.externaltools.gnu-tools-for-stm32.11.3.rel1.win32_1.1.1.202309131626/tools/bin/../lib/gcc/arm-none-eabi/11.3.1/thumb/v7-m/nofp/crtbegin.o
 .init_array    0x0000000008004730        0x4 ./Core/Src/main.o
                0x0000000008004734                PROVIDE (__init_array_end = .)
                0x0000000008004734                . = ALIGN (0x4)

.fini_array     0x0000000008004734        0x4
                0x0000000008004734                . = ALIGN (0x4)
                [!provide]                        PROVIDE (__fini_array_start = .)
 *(SORT_BY_NAME(.fini_array.*))
 *(.fini_array*)
 .fini_array    0x0000000008004734        0x4 C:/ST/STM32CubeIDE_1.13.2/STM32CubeIDE/plugins/com.st.stm32cube.ide.mcu.externaltools.gnu-tools-for-stm32.11.3.rel1.win32_1.1.1.202309131626/tools/bin/../lib/gcc/arm-none-eabi/11.3.1/thumb/v7-m/nofp/crtbegin.o
                [!provide]                        PROVIDE (__fini_array_end = .)
                0x0000000008004738                . = ALIGN (0x4)
                0x0000000008004738                _sidata = LOADADDR (.data)

.data           0x0000000020000000        0xc load address 0x0000000008004738
                0x0000000020000000                . = ALIGN (0x4)
                0x0000000020000000                _sdata = .
 *(.data)
 *(.data*)
 .data.SystemCoreClock
                0x0000000020000000        0x4 ./Core/Src/system_stm32f1xx.o
                0x0000000020000000                SystemCoreClock
 .data.uwTickPrio
                0x0000000020000004        0x4 ./Drivers/STM32F1xx_HAL_Driver/Src/stm32f1xx_hal.o
                0x0000000020000004                uwTickPrio
 .data.uwTickFreq
                0x0000000020000008        0x1 ./Drivers/STM32F1xx_HAL_Driver/Src/stm32f1xx_hal.o
                0x0000000020000008                uwTickFreq
 *(.RamFunc)
 *(.RamFunc*)
                0x000000002000000c                . = ALIGN (0x4)
 *fill*         0x0000000020000009        0x3 
                0x000000002000000c                _edata = .

.igot.plt       0x000000002000000c        0x0 load address 0x0000000008004744
 .igot.plt      0x000000002000000c        0x0 C:/ST/STM32CubeIDE_1.13.2/STM32CubeIDE/plugins/com.st.stm32cube.ide.mcu.externaltools.gnu-tools-for-stm32.11.3.rel1.win32_1.1.1.202309131626/tools/bin/../lib/gcc/arm-none-eabi/11.3.1/thumb/v7-m/nofp/crtbegin.o
                0x000000002000000c                . = ALIGN (0x4)

.bss            0x000000002000000c      0x23c load address 0x0000000008004744
                0x000000002000000c                _sbss = .
                0x000000002000000c                __bss_start__ = _sbss
 *(.bss)
 .bss           0x000000002000000c       0x1c C:/ST/STM32CubeIDE_1.13.2/STM32CubeIDE/plugins/com.st.stm32cube.ide.mcu.externaltools.gnu-tools-for-stm32.11.3.rel1.win32_1.1.1.202309131626/tools/bin/../lib/gcc/arm-none-eabi/11.3.1/thumb/v7-m/nofp/crtbegin.o
 *(.bss*)
 .bss.hspi1     0x0000000020000028       0x58 ./Core/Src/main.o
                0x0000000020000028                hspi1
 .bss.htim1     0x0000000020000080       0x48 ./Core/Src/main.o
                0x0000000020000080                htim1
 .bss.htim2     0x00000000200000c8       0x48 ./Core/Src/main.o
                0x00000000200000c8                htim2
 .bss.htim3     0x0000000020000110       0x48 ./Core/Src/main.o
                0x0000000020000110                htim3
 .bss.huart1    0x0000000020000158       0x48 ./Core/Src/main.o
                0x0000000020000158                huart1
 .bss.huart2    0x00000000200001a0       0x48 ./Core/Src/main.o
                0x00000000200001a0                huart2
 .bss.tmcd1     0x00000000200001e8       0x28 ./Core/Src/main.o
                0x00000000200001e8                tmcd1
 .bss.tmcd0     0x0000000020000210       0x28 ./Core/Src/main.o
                0x0000000020000210                tmcd0
 .bss.cnt1      0x0000000020000238        0x4 ./Core/Src/main.o
                0x0000000020000238                cnt1
 .bss.cnt2      0x000000002000023c        0x4 ./Core/Src/main.o
                0x000000002000023c                cnt2
 .bss.cnt3      0x0000000020000240        0x4 ./Core/Src/main.o
                0x0000000020000240                cnt3
 .bss.uwTick    0x0000000020000244        0x4 ./Drivers/STM32F1xx_HAL_Driver/Src/stm32f1xx_hal.o
                0x0000000020000244                uwTick
 *(COMMON)
                0x0000000020000248                . = ALIGN (0x4)
                0x0000000020000248                _ebss = .
                0x0000000020000248                __bss_end__ = _ebss

._user_heap_stack
                0x0000000020000248      0x600 load address 0x0000000008004744
                0x0000000020000248                . = ALIGN (0x8)
                [!provide]                        PROVIDE (end = .)
                0x0000000020000248                PROVIDE (_end = .)
                0x0000000020000448                . = (. + _Min_Heap_Size)
 *fill*         0x0000000020000248      0x200 
                0x0000000020000848                . = (. + _Min_Stack_Size)
 *fill*         0x0000000020000448      0x400 
                0x0000000020000848                . = ALIGN (0x8)

/DISCARD/
 libc.a(*)
 libm.a(*)
 libgcc.a(*)

.ARM.attributes
                0x0000000000000000       0x29
 *(.ARM.attributes)
 .ARM.attributes
                0x0000000000000000       0x1d C:/ST/STM32CubeIDE_1.13.2/STM32CubeIDE/plugins/com.st.stm32cube.ide.mcu.externaltools.gnu-tools-for-stm32.11.3.rel1.win32_1.1.1.202309131626/tools/bin/../lib/gcc/arm-none-eabi/11.3.1/thumb/v7-m/nofp/crti.o
 .ARM.attributes
                0x000000000000001d       0x2d C:/ST/STM32CubeIDE_1.13.2/STM32CubeIDE/plugins/com.st.stm32cube.ide.mcu.externaltools.gnu-tools-for-stm32.11.3.rel1.win32_1.1.1.202309131626/tools/bin/../lib/gcc/arm-none-eabi/11.3.1/thumb/v7-m/nofp/crtbegin.o
 .ARM.attributes
                0x000000000000004a       0x2d ./Core/Src/AMT22.o
 .ARM.attributes
                0x0000000000000077       0x2d ./Core/Src/DWT_Delay.o
 .ARM.attributes
                0x00000000000000a4       0x2d ./Core/Src/TMC2209.o
 .ARM.attributes
                0x00000000000000d1       0x2d ./Core/Src/main.o
 .ARM.attributes
                0x00000000000000fe       0x2d ./Core/Src/stm32f1xx_hal_msp.o
 .ARM.attributes
                0x000000000000012b       0x2d ./Core/Src/stm32f1xx_it.o
 .ARM.attributes
                0x0000000000000158       0x2d ./Core/Src/system_stm32f1xx.o
 .ARM.attributes
                0x0000000000000185       0x21 ./Core/Startup/startup_stm32f103c8tx.o
 .ARM.attributes
                0x00000000000001a6       0x2d ./Drivers/STM32F1xx_HAL_Driver/Src/stm32f1xx_hal.o
 .ARM.attributes
                0x00000000000001d3       0x2d ./Drivers/STM32F1xx_HAL_Driver/Src/stm32f1xx_hal_cortex.o
 .ARM.attributes
                0x0000000000000200       0x2d ./Drivers/STM32F1xx_HAL_Driver/Src/stm32f1xx_hal_dma.o
 .ARM.attributes
                0x000000000000022d       0x2d ./Drivers/STM32F1xx_HAL_Driver/Src/stm32f1xx_hal_gpio.o
 .ARM.attributes
                0x000000000000025a       0x2d ./Drivers/STM32F1xx_HAL_Driver/Src/stm32f1xx_hal_rcc.o
 .ARM.attributes
                0x0000000000000287       0x2d ./Drivers/STM32F1xx_HAL_Driver/Src/stm32f1xx_hal_spi.o
 .ARM.attributes
                0x00000000000002b4       0x2d ./Drivers/STM32F1xx_HAL_Driver/Src/stm32f1xx_hal_tim.o
 .ARM.attributes
                0x00000000000002e1       0x2d ./Drivers/STM32F1xx_HAL_Driver/Src/stm32f1xx_hal_tim_ex.o
 .ARM.attributes
                0x000000000000030e       0x2d ./Drivers/STM32F1xx_HAL_Driver/Src/stm32f1xx_hal_uart.o
 .ARM.attributes
                0x000000000000033b       0x2d C:/ST/STM32CubeIDE_1.13.2/STM32CubeIDE/plugins/com.st.stm32cube.ide.mcu.externaltools.gnu-tools-for-stm32.11.3.rel1.win32_1.1.1.202309131626/tools/bin/../lib/gcc/arm-none-eabi/11.3.1/../../../../arm-none-eabi/lib/thumb/v7-m/nofp\libc_nano.a(libc_a-memset.o)
 .ARM.attributes
                0x0000000000000368       0x2d C:/ST/STM32CubeIDE_1.13.2/STM32CubeIDE/plugins/com.st.stm32cube.ide.mcu.externaltools.gnu-tools-for-stm32.11.3.rel1.win32_1.1.1.202309131626/tools/bin/../lib/gcc/arm-none-eabi/11.3.1/../../../../arm-none-eabi/lib/thumb/v7-m/nofp\libc_nano.a(libc_a-init.o)
 .ARM.attributes
                0x0000000000000395       0x1d C:/ST/STM32CubeIDE_1.13.2/STM32CubeIDE/plugins/com.st.stm32cube.ide.mcu.externaltools.gnu-tools-for-stm32.11.3.rel1.win32_1.1.1.202309131626/tools/bin/../lib/gcc/arm-none-eabi/11.3.1/thumb/v7-m/nofp/crtn.o
OUTPUT(timer_led.elf elf32-littlearm)
LOAD linker stubs
LOAD C:/ST/STM32CubeIDE_1.13.2/STM32CubeIDE/plugins/com.st.stm32cube.ide.mcu.externaltools.gnu-tools-for-stm32.11.3.rel1.win32_1.1.1.202309131626/tools/bin/../lib/gcc/arm-none-eabi/11.3.1/../../../../arm-none-eabi/lib/thumb/v7-m/nofp\libc.a
LOAD C:/ST/STM32CubeIDE_1.13.2/STM32CubeIDE/plugins/com.st.stm32cube.ide.mcu.externaltools.gnu-tools-for-stm32.11.3.rel1.win32_1.1.1.202309131626/tools/bin/../lib/gcc/arm-none-eabi/11.3.1/../../../../arm-none-eabi/lib/thumb/v7-m/nofp\libm.a
LOAD C:/ST/STM32CubeIDE_1.13.2/STM32CubeIDE/plugins/com.st.stm32cube.ide.mcu.externaltools.gnu-tools-for-stm32.11.3.rel1.win32_1.1.1.202309131626/tools/bin/../lib/gcc/arm-none-eabi/11.3.1/thumb/v7-m/nofp\libgcc.a

.comment        0x0000000000000000       0x43
 .comment       0x0000000000000000       0x43 C:/ST/STM32CubeIDE_1.13.2/STM32CubeIDE/plugins/com.st.stm32cube.ide.mcu.externaltools.gnu-tools-for-stm32.11.3.rel1.win32_1.1.1.202309131626/tools/bin/../lib/gcc/arm-none-eabi/11.3.1/thumb/v7-m/nofp/crtbegin.o
                                         0x44 (size before relaxing)
 .comment       0x0000000000000043       0x44 ./Core/Src/AMT22.o
 .comment       0x0000000000000043       0x44 ./Core/Src/DWT_Delay.o
 .comment       0x0000000000000043       0x44 ./Core/Src/TMC2209.o
 .comment       0x0000000000000043       0x44 ./Core/Src/main.o
 .comment       0x0000000000000043       0x44 ./Core/Src/stm32f1xx_hal_msp.o
 .comment       0x0000000000000043       0x44 ./Core/Src/stm32f1xx_it.o
 .comment       0x0000000000000043       0x44 ./Core/Src/system_stm32f1xx.o
 .comment       0x0000000000000043       0x44 ./Drivers/STM32F1xx_HAL_Driver/Src/stm32f1xx_hal.o
 .comment       0x0000000000000043       0x44 ./Drivers/STM32F1xx_HAL_Driver/Src/stm32f1xx_hal_cortex.o
 .comment       0x0000000000000043       0x44 ./Drivers/STM32F1xx_HAL_Driver/Src/stm32f1xx_hal_dma.o
 .comment       0x0000000000000043       0x44 ./Drivers/STM32F1xx_HAL_Driver/Src/stm32f1xx_hal_gpio.o
 .comment       0x0000000000000043       0x44 ./Drivers/STM32F1xx_HAL_Driver/Src/stm32f1xx_hal_rcc.o
 .comment       0x0000000000000043       0x44 ./Drivers/STM32F1xx_HAL_Driver/Src/stm32f1xx_hal_spi.o
 .comment       0x0000000000000043       0x44 ./Drivers/STM32F1xx_HAL_Driver/Src/stm32f1xx_hal_tim.o
 .comment       0x0000000000000043       0x44 ./Drivers/STM32F1xx_HAL_Driver/Src/stm32f1xx_hal_tim_ex.o
 .comment       0x0000000000000043       0x44 ./Drivers/STM32F1xx_HAL_Driver/Src/stm32f1xx_hal_uart.o

.debug_info     0x0000000000000000    0x14c41
 .debug_info    0x0000000000000000      0xab8 ./Core/Src/AMT22.o
 .debug_info    0x0000000000000ab8      0x22c ./Core/Src/DWT_Delay.o
 .debug_info    0x0000000000000ce4     0x356a ./Core/Src/TMC2209.o
 .debug_info    0x000000000000424e     0x4283 ./Core/Src/main.o
 .debug_info    0x00000000000084d1     0x10b2 ./Core/Src/stm32f1xx_hal_msp.o
 .debug_info    0x0000000000009583      0xc1b ./Core/Src/stm32f1xx_it.o
 .debug_info    0x000000000000a19e      0x222 ./Core/Src/system_stm32f1xx.o
 .debug_info    0x000000000000a3c0       0x23 ./Core/Startup/startup_stm32f103c8tx.o
 .debug_info    0x000000000000a3e3      0x704 ./Drivers/STM32F1xx_HAL_Driver/Src/stm32f1xx_hal.o
 .debug_info    0x000000000000aae7      0xa87 ./Drivers/STM32F1xx_HAL_Driver/Src/stm32f1xx_hal_cortex.o
 .debug_info    0x000000000000b56e      0x6d2 ./Drivers/STM32F1xx_HAL_Driver/Src/stm32f1xx_hal_dma.o
 .debug_info    0x000000000000bc40      0x5ab ./Drivers/STM32F1xx_HAL_Driver/Src/stm32f1xx_hal_gpio.o
 .debug_info    0x000000000000c1eb      0x7d5 ./Drivers/STM32F1xx_HAL_Driver/Src/stm32f1xx_hal_rcc.o
 .debug_info    0x000000000000c9c0     0x1503 ./Drivers/STM32F1xx_HAL_Driver/Src/stm32f1xx_hal_spi.o
 .debug_info    0x000000000000dec3     0x293b ./Drivers/STM32F1xx_HAL_Driver/Src/stm32f1xx_hal_tim.o
 .debug_info    0x00000000000107fe     0x149b ./Drivers/STM32F1xx_HAL_Driver/Src/stm32f1xx_hal_tim_ex.o
 .debug_info    0x0000000000011c99     0x2fa8 ./Drivers/STM32F1xx_HAL_Driver/Src/stm32f1xx_hal_uart.o

.debug_abbrev   0x0000000000000000     0x2974
 .debug_abbrev  0x0000000000000000      0x222 ./Core/Src/AMT22.o
 .debug_abbrev  0x0000000000000222       0xab ./Core/Src/DWT_Delay.o
 .debug_abbrev  0x00000000000002cd      0x53c ./Core/Src/TMC2209.o
 .debug_abbrev  0x0000000000000809      0x640 ./Core/Src/main.o
 .debug_abbrev  0x0000000000000e49      0x21f ./Core/Src/stm32f1xx_hal_msp.o
 .debug_abbrev  0x0000000000001068      0x1c5 ./Core/Src/stm32f1xx_it.o
 .debug_abbrev  0x000000000000122d      0x13f ./Core/Src/system_stm32f1xx.o
 .debug_abbrev  0x000000000000136c       0x12 ./Core/Startup/startup_stm32f103c8tx.o
 .debug_abbrev  0x000000000000137e      0x201 ./Drivers/STM32F1xx_HAL_Driver/Src/stm32f1xx_hal.o
 .debug_abbrev  0x000000000000157f      0x2f8 ./Drivers/STM32F1xx_HAL_Driver/Src/stm32f1xx_hal_cortex.o
 .debug_abbrev  0x0000000000001877      0x20b ./Drivers/STM32F1xx_HAL_Driver/Src/stm32f1xx_hal_dma.o
 .debug_abbrev  0x0000000000001a82      0x1ca ./Drivers/STM32F1xx_HAL_Driver/Src/stm32f1xx_hal_gpio.o
 .debug_abbrev  0x0000000000001c4c      0x2b3 ./Drivers/STM32F1xx_HAL_Driver/Src/stm32f1xx_hal_rcc.o
 .debug_abbrev  0x0000000000001eff      0x284 ./Drivers/STM32F1xx_HAL_Driver/Src/stm32f1xx_hal_spi.o
 .debug_abbrev  0x0000000000002183      0x277 ./Drivers/STM32F1xx_HAL_Driver/Src/stm32f1xx_hal_tim.o
 .debug_abbrev  0x00000000000023fa      0x282 ./Drivers/STM32F1xx_HAL_Driver/Src/stm32f1xx_hal_tim_ex.o
 .debug_abbrev  0x000000000000267c      0x2f8 ./Drivers/STM32F1xx_HAL_Driver/Src/stm32f1xx_hal_uart.o

.debug_aranges  0x0000000000000000     0x1140
 .debug_aranges
                0x0000000000000000       0x60 ./Core/Src/AMT22.o
 .debug_aranges
                0x0000000000000060       0x20 ./Core/Src/DWT_Delay.o
 .debug_aranges
                0x0000000000000080      0x2c0 ./Core/Src/TMC2209.o
 .debug_aranges
                0x0000000000000340       0x80 ./Core/Src/main.o
 .debug_aranges
                0x00000000000003c0       0x50 ./Core/Src/stm32f1xx_hal_msp.o
 .debug_aranges
                0x0000000000000410       0x88 ./Core/Src/stm32f1xx_it.o
 .debug_aranges
                0x0000000000000498       0x28 ./Core/Src/system_stm32f1xx.o
 .debug_aranges
                0x00000000000004c0       0x28 ./Core/Startup/startup_stm32f103c8tx.o
 .debug_aranges
                0x00000000000004e8       0xe0 ./Drivers/STM32F1xx_HAL_Driver/Src/stm32f1xx_hal.o
 .debug_aranges
                0x00000000000005c8      0x100 ./Drivers/STM32F1xx_HAL_Driver/Src/stm32f1xx_hal_cortex.o
 .debug_aranges
                0x00000000000006c8       0x80 ./Drivers/STM32F1xx_HAL_Driver/Src/stm32f1xx_hal_dma.o
 .debug_aranges
                0x0000000000000748       0x58 ./Drivers/STM32F1xx_HAL_Driver/Src/stm32f1xx_hal_gpio.o
 .debug_aranges
                0x00000000000007a0       0x90 ./Drivers/STM32F1xx_HAL_Driver/Src/stm32f1xx_hal_rcc.o
 .debug_aranges
                0x0000000000000830      0x1d0 ./Drivers/STM32F1xx_HAL_Driver/Src/stm32f1xx_hal_spi.o
 .debug_aranges
                0x0000000000000a00      0x3d0 ./Drivers/STM32F1xx_HAL_Driver/Src/stm32f1xx_hal_tim.o
 .debug_aranges
                0x0000000000000dd0      0x168 ./Drivers/STM32F1xx_HAL_Driver/Src/stm32f1xx_hal_tim_ex.o
 .debug_aranges
                0x0000000000000f38      0x208 ./Drivers/STM32F1xx_HAL_Driver/Src/stm32f1xx_hal_uart.o

.debug_rnglists
                0x0000000000000000      0xd71
 .debug_rnglists
                0x0000000000000000       0x45 ./Core/Src/AMT22.o
 .debug_rnglists
                0x0000000000000045       0x13 ./Core/Src/DWT_Delay.o
 .debug_rnglists
                0x0000000000000058      0x213 ./Core/Src/TMC2209.o
 .debug_rnglists
                0x000000000000026b       0x62 ./Core/Src/main.o
 .debug_rnglists
                0x00000000000002cd       0x3a ./Core/Src/stm32f1xx_hal_msp.o
 .debug_rnglists
                0x0000000000000307       0x61 ./Core/Src/stm32f1xx_it.o
 .debug_rnglists
                0x0000000000000368       0x1a ./Core/Src/system_stm32f1xx.o
 .debug_rnglists
                0x0000000000000382       0x19 ./Core/Startup/startup_stm32f103c8tx.o
 .debug_rnglists
                0x000000000000039b       0xa3 ./Drivers/STM32F1xx_HAL_Driver/Src/stm32f1xx_hal.o
 .debug_rnglists
                0x000000000000043e       0xbb ./Drivers/STM32F1xx_HAL_Driver/Src/stm32f1xx_hal_cortex.o
 .debug_rnglists
                0x00000000000004f9       0x64 ./Drivers/STM32F1xx_HAL_Driver/Src/stm32f1xx_hal_dma.o
 .debug_rnglists
                0x000000000000055d       0x3f ./Drivers/STM32F1xx_HAL_Driver/Src/stm32f1xx_hal_gpio.o
 .debug_rnglists
                0x000000000000059c       0x6c ./Drivers/STM32F1xx_HAL_Driver/Src/stm32f1xx_hal_rcc.o
 .debug_rnglists
                0x0000000000000608      0x16e ./Drivers/STM32F1xx_HAL_Driver/Src/stm32f1xx_hal_spi.o
 .debug_rnglists
                0x0000000000000776      0x31a ./Drivers/STM32F1xx_HAL_Driver/Src/stm32f1xx_hal_tim.o
 .debug_rnglists
                0x0000000000000a90      0x125 ./Drivers/STM32F1xx_HAL_Driver/Src/stm32f1xx_hal_tim_ex.o
 .debug_rnglists
                0x0000000000000bb5      0x1bc ./Drivers/STM32F1xx_HAL_Driver/Src/stm32f1xx_hal_uart.o

.debug_macro    0x0000000000000000    0x1ac5c
 .debug_macro   0x0000000000000000      0x271 ./Core/Src/AMT22.o
 .debug_macro   0x0000000000000271      0xa9c ./Core/Src/AMT22.o
 .debug_macro   0x0000000000000d0d       0x22 ./Core/Src/AMT22.o
 .debug_macro   0x0000000000000d2f       0x8e ./Core/Src/AMT22.o
 .debug_macro   0x0000000000000dbd       0x51 ./Core/Src/AMT22.o
 .debug_macro   0x0000000000000e0e      0x103 ./Core/Src/AMT22.o
 .debug_macro   0x0000000000000f11       0x6a ./Core/Src/AMT22.o
 .debug_macro   0x0000000000000f7b      0x1df ./Core/Src/AMT22.o
 .debug_macro   0x000000000000115a      0x221 ./Core/Src/AMT22.o
 .debug_macro   0x000000000000137b       0x2e ./Core/Src/AMT22.o
 .debug_macro   0x00000000000013a9       0x22 ./Core/Src/AMT22.o
 .debug_macro   0x00000000000013cb       0x1c ./Core/Src/AMT22.o
 .debug_macro   0x00000000000013e7       0x22 ./Core/Src/AMT22.o
 .debug_macro   0x0000000000001409       0xbd ./Core/Src/AMT22.o
 .debug_macro   0x00000000000014c6      0xd23 ./Core/Src/AMT22.o
 .debug_macro   0x00000000000021e9     0xe09e ./Core/Src/AMT22.o
 .debug_macro   0x0000000000010287       0x6d ./Core/Src/AMT22.o
 .debug_macro   0x00000000000102f4     0x348d ./Core/Src/AMT22.o
 .debug_macro   0x0000000000013781      0x174 ./Core/Src/AMT22.o
 .debug_macro   0x00000000000138f5       0x5c ./Core/Src/AMT22.o
 .debug_macro   0x0000000000013951      0x5bc ./Core/Src/AMT22.o
 .debug_macro   0x0000000000013f0d      0x289 ./Core/Src/AMT22.o
 .debug_macro   0x0000000000014196      0x1cb ./Core/Src/AMT22.o
 .debug_macro   0x0000000000014361      0x114 ./Core/Src/AMT22.o
 .debug_macro   0x0000000000014475      0x1b2 ./Core/Src/AMT22.o
 .debug_macro   0x0000000000014627       0x27 ./Core/Src/AMT22.o
 .debug_macro   0x000000000001464e      0x136 ./Core/Src/AMT22.o
 .debug_macro   0x0000000000014784      0x1bc ./Core/Src/AMT22.o
 .debug_macro   0x0000000000014940       0x34 ./Core/Src/AMT22.o
 .debug_macro   0x0000000000014974       0x3c ./Core/Src/AMT22.o
 .debug_macro   0x00000000000149b0       0x57 ./Core/Src/AMT22.o
 .debug_macro   0x0000000000014a07       0x87 ./Core/Src/AMT22.o
 .debug_macro   0x0000000000014a8e      0x240 ./Core/Src/AMT22.o
 .debug_macro   0x0000000000014cce      0x140 ./Core/Src/AMT22.o
 .debug_macro   0x0000000000014e0e      0x217 ./Core/Src/AMT22.o
 .debug_macro   0x0000000000015025      0x8ed ./Core/Src/AMT22.o
 .debug_macro   0x0000000000015912      0x28e ./Core/Src/AMT22.o
 .debug_macro   0x0000000000015ba0       0x83 ./Core/Src/AMT22.o
 .debug_macro   0x0000000000015c23       0x40 ./Core/Src/AMT22.o
 .debug_macro   0x0000000000015c63       0x61 ./Core/Src/AMT22.o
 .debug_macro   0x0000000000015cc4       0x24 ./Core/Src/AMT22.o
 .debug_macro   0x0000000000015ce8       0x43 ./Core/Src/AMT22.o
 .debug_macro   0x0000000000015d2b       0x34 ./Core/Src/AMT22.o
 .debug_macro   0x0000000000015d5f       0x16 ./Core/Src/AMT22.o
 .debug_macro   0x0000000000015d75       0x43 ./Core/Src/AMT22.o
 .debug_macro   0x0000000000015db8       0x34 ./Core/Src/AMT22.o
 .debug_macro   0x0000000000015dec       0x10 ./Core/Src/AMT22.o
 .debug_macro   0x0000000000015dfc       0x58 ./Core/Src/AMT22.o
 .debug_macro   0x0000000000015e54       0x8e ./Core/Src/AMT22.o
 .debug_macro   0x0000000000015ee2       0x1c ./Core/Src/AMT22.o
 .debug_macro   0x0000000000015efe      0x177 ./Core/Src/AMT22.o
 .debug_macro   0x0000000000016075      0x369 ./Core/Src/AMT22.o
 .debug_macro   0x00000000000163de      0x19b ./Core/Src/AMT22.o
 .debug_macro   0x0000000000016579      0x1b7 ./Core/Src/DWT_Delay.o
 .debug_macro   0x0000000000016730      0x200 ./Core/Src/TMC2209.o
 .debug_macro   0x0000000000016930      0xb74 ./Core/Src/TMC2209.o
 .debug_macro   0x00000000000174a4      0x17b ./Core/Src/TMC2209.o
 .debug_macro   0x000000000001761f       0x1c ./Core/Src/TMC2209.o
 .debug_macro   0x000000000001763b      0xd23 ./Core/Src/TMC2209.o
 .debug_macro   0x000000000001835e      0x1b2 ./Core/Src/TMC2209.o
 .debug_macro   0x0000000000018510       0x10 ./Core/Src/TMC2209.o
 .debug_macro   0x0000000000018520      0x3ed ./Core/Src/TMC2209.o
 .debug_macro   0x000000000001890d       0x7c ./Core/Src/TMC2209.o
 .debug_macro   0x0000000000018989      0x338 ./Core/Src/main.o
 .debug_macro   0x0000000000018cc1       0x76 ./Core/Src/main.o
 .debug_macro   0x0000000000018d37       0x18 ./Core/Src/main.o
 .debug_macro   0x0000000000018d4f       0x34 ./Core/Src/main.o
 .debug_macro   0x0000000000018d83       0x43 ./Core/Src/main.o
 .debug_macro   0x0000000000018dc6       0x16 ./Core/Src/main.o
 .debug_macro   0x0000000000018ddc      0x38c ./Core/Src/main.o
 .debug_macro   0x0000000000019168      0x194 ./Core/Src/main.o
 .debug_macro   0x00000000000192fc       0x10 ./Core/Src/main.o
 .debug_macro   0x000000000001930c       0x16 ./Core/Src/main.o
 .debug_macro   0x0000000000019322       0x35 ./Core/Src/main.o
 .debug_macro   0x0000000000019357       0x16 ./Core/Src/main.o
 .debug_macro   0x000000000001936d       0x29 ./Core/Src/main.o
 .debug_macro   0x0000000000019396       0x10 ./Core/Src/main.o
 .debug_macro   0x00000000000193a6      0x3c7 ./Core/Src/main.o
 .debug_macro   0x000000000001976d      0x1bc ./Core/Src/stm32f1xx_hal_msp.o
 .debug_macro   0x0000000000019929      0x1c6 ./Core/Src/stm32f1xx_it.o
 .debug_macro   0x0000000000019aef      0x1ad ./Core/Src/system_stm32f1xx.o
 .debug_macro   0x0000000000019c9c      0x1d1 ./Drivers/STM32F1xx_HAL_Driver/Src/stm32f1xx_hal.o
 .debug_macro   0x0000000000019e6d      0x1ad ./Drivers/STM32F1xx_HAL_Driver/Src/stm32f1xx_hal_cortex.o
 .debug_macro   0x000000000001a01a      0x1ad ./Drivers/STM32F1xx_HAL_Driver/Src/stm32f1xx_hal_dma.o
 .debug_macro   0x000000000001a1c7      0x218 ./Drivers/STM32F1xx_HAL_Driver/Src/stm32f1xx_hal_gpio.o
 .debug_macro   0x000000000001a3df      0x1bf ./Drivers/STM32F1xx_HAL_Driver/Src/stm32f1xx_hal_rcc.o
 .debug_macro   0x000000000001a59e      0x1b5 ./Drivers/STM32F1xx_HAL_Driver/Src/stm32f1xx_hal_spi.o
 .debug_macro   0x000000000001a753      0x1ae ./Drivers/STM32F1xx_HAL_Driver/Src/stm32f1xx_hal_tim.o
 .debug_macro   0x000000000001a901      0x1ad ./Drivers/STM32F1xx_HAL_Driver/Src/stm32f1xx_hal_tim_ex.o
 .debug_macro   0x000000000001aaae      0x1ae ./Drivers/STM32F1xx_HAL_Driver/Src/stm32f1xx_hal_uart.o

.debug_line     0x0000000000000000    0x12025
 .debug_line    0x0000000000000000      0xa20 ./Core/Src/AMT22.o
 .debug_line    0x0000000000000a20      0x72b ./Core/Src/DWT_Delay.o
 .debug_line    0x000000000000114b     0x166a ./Core/Src/TMC2209.o
 .debug_line    0x00000000000027b5     0x110c ./Core/Src/main.o
 .debug_line    0x00000000000038c1      0x871 ./Core/Src/stm32f1xx_hal_msp.o
 .debug_line    0x0000000000004132      0x84e ./Core/Src/stm32f1xx_it.o
 .debug_line    0x0000000000004980      0x792 ./Core/Src/system_stm32f1xx.o
 .debug_line    0x0000000000005112       0x78 ./Core/Startup/startup_stm32f103c8tx.o
 .debug_line    0x000000000000518a      0x9bf ./Drivers/STM32F1xx_HAL_Driver/Src/stm32f1xx_hal.o
 .debug_line    0x0000000000005b49      0xba7 ./Drivers/STM32F1xx_HAL_Driver/Src/stm32f1xx_hal_cortex.o
 .debug_line    0x00000000000066f0      0xe18 ./Drivers/STM32F1xx_HAL_Driver/Src/stm32f1xx_hal_dma.o
 .debug_line    0x0000000000007508      0xa58 ./Drivers/STM32F1xx_HAL_Driver/Src/stm32f1xx_hal_gpio.o
 .debug_line    0x0000000000007f60      0xdc8 ./Drivers/STM32F1xx_HAL_Driver/Src/stm32f1xx_hal_rcc.o
 .debug_line    0x0000000000008d28     0x1c47 ./Drivers/STM32F1xx_HAL_Driver/Src/stm32f1xx_hal_spi.o
 .debug_line    0x000000000000a96f     0x34ab ./Drivers/STM32F1xx_HAL_Driver/Src/stm32f1xx_hal_tim.o
 .debug_line    0x000000000000de1a     0x191e ./Drivers/STM32F1xx_HAL_Driver/Src/stm32f1xx_hal_tim_ex.o
 .debug_line    0x000000000000f738     0x28ed ./Drivers/STM32F1xx_HAL_Driver/Src/stm32f1xx_hal_uart.o

.debug_str      0x0000000000000000    0x91c58
 .debug_str     0x0000000000000000    0x884ee ./Core/Src/AMT22.o
                                      0x8897c (size before relaxing)
 .debug_str     0x00000000000884ee       0x3f ./Core/Src/DWT_Delay.o
                                      0x84a86 (size before relaxing)
 .debug_str     0x000000000008852d     0x5181 ./Core/Src/TMC2209.o
                                      0x89e44 (size before relaxing)
 .debug_str     0x000000000008d6ae     0x16ac ./Core/Src/main.o
                                      0x8ebe5 (size before relaxing)
 .debug_str     0x000000000008ed5a      0x38c ./Core/Src/stm32f1xx_hal_msp.o
                                      0x857de (size before relaxing)
 .debug_str     0x000000000008f0e6      0x145 ./Core/Src/stm32f1xx_it.o
                                      0x854b2 (size before relaxing)
 .debug_str     0x000000000008f22b       0x7e ./Core/Src/system_stm32f1xx.o
                                      0x84a49 (size before relaxing)
 .debug_str     0x000000000008f2a9       0x34 ./Core/Startup/startup_stm32f103c8tx.o
                                         0x6e (size before relaxing)
 .debug_str     0x000000000008f2dd      0x375 ./Drivers/STM32F1xx_HAL_Driver/Src/stm32f1xx_hal.o
                                      0x8517c (size before relaxing)
 .debug_str     0x000000000008f652      0x271 ./Drivers/STM32F1xx_HAL_Driver/Src/stm32f1xx_hal_cortex.o
                                      0x850c8 (size before relaxing)
 .debug_str     0x000000000008f8c3      0x235 ./Drivers/STM32F1xx_HAL_Driver/Src/stm32f1xx_hal_dma.o
                                      0x84df2 (size before relaxing)
 .debug_str     0x000000000008faf8      0x2ce ./Drivers/STM32F1xx_HAL_Driver/Src/stm32f1xx_hal_gpio.o
                                      0x84dcf (size before relaxing)
 .debug_str     0x000000000008fdc6      0x215 ./Drivers/STM32F1xx_HAL_Driver/Src/stm32f1xx_hal_rcc.o
                                      0x84e78 (size before relaxing)
 .debug_str     0x000000000008ffdb      0x511 ./Drivers/STM32F1xx_HAL_Driver/Src/stm32f1xx_hal_spi.o
                                      0x85375 (size before relaxing)
 .debug_str     0x00000000000904ec      0xd88 ./Drivers/STM32F1xx_HAL_Driver/Src/stm32f1xx_hal_tim.o
                                      0x85e6a (size before relaxing)
 .debug_str     0x0000000000091274      0x493 ./Drivers/STM32F1xx_HAL_Driver/Src/stm32f1xx_hal_tim_ex.o
                                      0x85686 (size before relaxing)
 .debug_str     0x0000000000091707      0x551 ./Drivers/STM32F1xx_HAL_Driver/Src/stm32f1xx_hal_uart.o
                                      0x854e9 (size before relaxing)

.debug_frame    0x0000000000000000     0x48d0
 .debug_frame   0x0000000000000000      0x150 ./Core/Src/AMT22.o
 .debug_frame   0x0000000000000150       0x30 ./Core/Src/DWT_Delay.o
 .debug_frame   0x0000000000000180      0xc34 ./Core/Src/TMC2209.o
 .debug_frame   0x0000000000000db4      0x1b4 ./Core/Src/main.o
 .debug_frame   0x0000000000000f68      0x110 ./Core/Src/stm32f1xx_hal_msp.o
 .debug_frame   0x0000000000001078      0x190 ./Core/Src/stm32f1xx_it.o
 .debug_frame   0x0000000000001208       0x58 ./Core/Src/system_stm32f1xx.o
 .debug_frame   0x0000000000001260      0x334 ./Drivers/STM32F1xx_HAL_Driver/Src/stm32f1xx_hal.o
 .debug_frame   0x0000000000001594      0x428 ./Drivers/STM32F1xx_HAL_Driver/Src/stm32f1xx_hal_cortex.o
 .debug_frame   0x00000000000019bc      0x208 ./Drivers/STM32F1xx_HAL_Driver/Src/stm32f1xx_hal_dma.o
 .debug_frame   0x0000000000001bc4      0x14c ./Drivers/STM32F1xx_HAL_Driver/Src/stm32f1xx_hal_gpio.o
 .debug_frame   0x0000000000001d10      0x218 ./Drivers/STM32F1xx_HAL_Driver/Src/stm32f1xx_hal_rcc.o
 .debug_frame   0x0000000000001f28      0x824 ./Drivers/STM32F1xx_HAL_Driver/Src/stm32f1xx_hal_spi.o
 .debug_frame   0x000000000000274c     0x11bc ./Drivers/STM32F1xx_HAL_Driver/Src/stm32f1xx_hal_tim.o
 .debug_frame   0x0000000000003908      0x638 ./Drivers/STM32F1xx_HAL_Driver/Src/stm32f1xx_hal_tim_ex.o
 .debug_frame   0x0000000000003f40      0x944 ./Drivers/STM32F1xx_HAL_Driver/Src/stm32f1xx_hal_uart.o
 .debug_frame   0x0000000000004884       0x20 C:/ST/STM32CubeIDE_1.13.2/STM32CubeIDE/plugins/com.st.stm32cube.ide.mcu.externaltools.gnu-tools-for-stm32.11.3.rel1.win32_1.1.1.202309131626/tools/bin/../lib/gcc/arm-none-eabi/11.3.1/../../../../arm-none-eabi/lib/thumb/v7-m/nofp\libc_nano.a(libc_a-memset.o)
 .debug_frame   0x00000000000048a4       0x2c C:/ST/STM32CubeIDE_1.13.2/STM32CubeIDE/plugins/com.st.stm32cube.ide.mcu.externaltools.gnu-tools-for-stm32.11.3.rel1.win32_1.1.1.202309131626/tools/bin/../lib/gcc/arm-none-eabi/11.3.1/../../../../arm-none-eabi/lib/thumb/v7-m/nofp\libc_nano.a(libc_a-init.o)

.debug_line_str
                0x0000000000000000       0x62
 .debug_line_str
                0x0000000000000000       0x62 ./Core/Startup/startup_stm32f103c8tx.o
                                         0x7a (size before relaxing)
