../Core/Src/main.cpp:91:6:void HAL_TIM_PeriodElapsedCallback(TIM_HandleTypeDef*)	16	static
../Core/Src/main.cpp:114:5:int main()	24	static
../Core/Src/main.cpp:207:6:void SystemClock_Config()	72	static
../Core/Src/main.cpp:247:13:void MX_SPI1_Init()	8	static
../Core/Src/main.cpp:285:13:void MX_TIM1_Init()	32	static
../Core/Src/main.cpp:331:13:void MX_TIM2_Init()	32	static
../Core/Src/main.cpp:376:13:void MX_TIM3_Init()	32	static
../Core/Src/main.cpp:421:13:void MX_USART1_UART_Init()	8	static
../Core/Src/main.cpp:454:13:void MX_USART2_UART_Init()	8	static
../Core/Src/main.cpp:487:13:void MX_GPIO_Init()	40	static
../Core/Src/main.cpp:559:6:void Error_Handler()	4	static,ignoring_inline_asm
../Core/Src/main.cpp:568:1:void __static_initialization_and_destruction_0(int, int)	16	static
../Core/Src/main.cpp:568:1:cpp)	8	static
